<?xml version="1.0" encoding="utf-8"?><testsuites><testsuite name="pytest" errors="0" failures="0" skipped="0" tests="4" time="3.495" timestamp="2024-09-09T18:20:10.534943" hostname="Franciss-MacBook-Pro.local"><testcase classname="tests.api.test_api.TestBatchPipeline" name="test_should_failed_unkown_column_1" time="0.016" /><testcase classname="tests.api.test_api.TestBatchPipeline" name="test_should_failed_unkown_column_2" time="0.006" /><testcase classname="tests.api.test_api.TestBatchPipeline" name="test_should_failed_unkown_column_3" time="0.006" /><testcase classname="tests.api.test_api.TestBatchPipeline" name="test_should_get_predict" time="0.021" /></testsuite></testsuites>